// Jest Snapshot v1, https://goo.gl/fbAQLP

exports[`Display renders correctly 1`] = `
<div
  className="pokemon-detail-outer-container"
>
  <div
    className="pokemon-detail-container"
  >
    <button
      className="reset-button"
      type="button"
    >
      Home
    </button>
    <button
      className="next-button"
      type="button"
    >
      Next
    </button>
    <button
      className="previous-button"
      type="button"
    >
      Previous
    </button>
    <div
      className="pokemon-detail-info"
    >
      <p
        className="detail-info"
      >
        # 001  
        NAME
      </p>
      <p
        className="detail-info"
      />
      <p
        className="detail-info"
      >
        Height  
        10
          m
      </p>
      <p>
        Weight  
        100
          kg
      </p>
    </div>
    <div>
      <div
        className="pokemon-sprite"
        style={
          Object {
            "backgroundImage": "url(sprite)",
          }
        }
      >
         
      </div>
    </div>
  </div>
</div>
`;
