// Jest Snapshot v1, https://goo.gl/fbAQLP

exports[`Display renders correctly 1`] = `
<div
  className="pokemon-list-outer-container"
>
  <div
    className="pokemon-list-container"
  >
    <a
      className="pokemon-container"
      href="/detail/?id=2"
      onClick={[Function]}
    >
      <span>
        #
        002
      </span>
      <span>
        Ivysaur
      </span>
    </a>
  </div>
</div>
`;
