// Jest Snapshot v1, https://goo.gl/fbAQLP

exports[`Display renders correctly 1`] = `
<div
  className="pokemon-list-outer-container"
>
  <div
    className="pokemon-list-container"
  >
    <button
      className="pokemon-container"
      onClick={[Function]}
      type="button"
    >
      <span>
        #
        002
      </span>
      <span>
        ivysaur
      </span>
    </button>
  </div>
</div>
`;
